[dotenv@17.2.0] injecting env (12) from .env (tip: ΓÜÖ∩╕Å  suppress all logs with { quiet: true })
[dotenv@17.2.0] injecting env (0) from .env (tip: ΓÜÖ∩╕Å  suppress all logs with { quiet: true })

≡ƒôº Email Service Initialization
================================
ΓÜá∩╕Å  SendGrid API Key: Not configured
   Γä╣∩╕Å  To fix Render issues: Add SENDGRID_API_KEY to environment
Γ£à Gmail Credentials: Configured
   ≡ƒôì SECONDARY (port 587 TLS - local dev preferred)
================================


============================================================
TESTING OTP EMAIL FLOW
============================================================

1∩╕ÅΓâú Environment Check:
   MAIL_USER: Γ£à Set
   MAIL_PASS: Γ£à Set
   SENDGRID_API_KEY: Γ¥î Missing

2∩╕ÅΓâú OTP Generated: 222643

3∩╕ÅΓâú Email Template: 2010 characters
   First 100 chars: <!DOCTYPE html>
	<html>
	
	<head>
		<meta charset="UTF-8">
		<title>OTP Verification Email</title>
	...

4∩╕ÅΓâú Sending OTP to: 2022021213@mmmut.ac.in
   Subject: EduPoint - Verify Your Email

≡ƒôº EMAIL SERVICE DEBUG
ΓöÇΓöÇΓöÇΓöÇΓöÇΓöÇΓöÇΓöÇΓöÇΓöÇΓöÇΓöÇΓöÇΓöÇΓöÇΓöÇΓöÇΓöÇΓöÇΓöÇΓöÇΓöÇΓöÇΓöÇΓöÇΓöÇΓöÇΓöÇΓöÇΓöÇΓöÇΓöÇΓöÇΓöÇΓöÇΓöÇΓöÇΓöÇΓöÇΓöÇΓöÇΓöÇΓöÇΓöÇΓöÇΓöÇΓöÇΓöÇΓöÇΓöÇ
Provider: GMAIL
To: 2022021213@mmmut.ac.in
Subject: EduPoint - Verify Your Email
HTML Length: 2010 chars

≡ƒöä Attempting Gmail SMTP...
  - Email: 2022021213@mmmut.ac.in
  - Subject: EduPoint - Verify Your Email
  - Port: 587 (TLS)
[2025-12-14 19:53:22] DEBUG Creating transport: nodemailer (7.0.5; +https://nodemailer.com/; SMTP/7.0.5[client:7.0.5])
  - Transporter created (port 587 TLS)
[2025-12-14 19:53:23] DEBUG [nLMzhuKCCr4] Resolved smtp.gmail.com as 172.253.134.108 [cache miss]
[2025-12-14 19:53:25] INFO  [nLMzhuKCCr4] Connection established to 172.253.134.108:587
[2025-12-14 19:53:25] DEBUG [nLMzhuKCCr4] S: 220 smtp.gmail.com ESMTP d2e1a72fcca58-7f4c2967c66sm10567900b3a.28 - gsmtp
[2025-12-14 19:53:25] DEBUG [nLMzhuKCCr4] C: EHLO [127.0.0.1]
[2025-12-14 19:53:25] DEBUG [nLMzhuKCCr4] S: 250-smtp.gmail.com at your service, [14.139.233.50]
[2025-12-14 19:53:25] DEBUG [nLMzhuKCCr4] S: 250-SIZE 35882577
[2025-12-14 19:53:25] DEBUG [nLMzhuKCCr4] S: 250-8BITMIME
[2025-12-14 19:53:25] DEBUG [nLMzhuKCCr4] S: 250-STARTTLS
[2025-12-14 19:53:25] DEBUG [nLMzhuKCCr4] S: 250-ENHANCEDSTATUSCODES
[2025-12-14 19:53:25] DEBUG [nLMzhuKCCr4] S: 250-PIPELINING
[2025-12-14 19:53:25] DEBUG [nLMzhuKCCr4] S: 250-CHUNKING
[2025-12-14 19:53:25] DEBUG [nLMzhuKCCr4] S: 250 SMTPUTF8
[2025-12-14 19:53:25] DEBUG [nLMzhuKCCr4] C: STARTTLS
[2025-12-14 19:53:25] DEBUG [nLMzhuKCCr4] S: 220 2.0.0 Ready to start TLS
[2025-12-14 19:53:26] INFO  [nLMzhuKCCr4] Connection upgraded with STARTTLS
[2025-12-14 19:53:26] DEBUG [nLMzhuKCCr4] C: EHLO [127.0.0.1]
[2025-12-14 19:53:26] DEBUG [nLMzhuKCCr4] S: 250-smtp.gmail.com at your service, [14.139.233.50]
[2025-12-14 19:53:26] DEBUG [nLMzhuKCCr4] S: 250-SIZE 35882577
[2025-12-14 19:53:26] DEBUG [nLMzhuKCCr4] S: 250-8BITMIME
[2025-12-14 19:53:26] DEBUG [nLMzhuKCCr4] S: 250-AUTH LOGIN PLAIN XOAUTH2 PLAIN-CLIENTTOKEN OAUTHBEARER XOAUTH
[2025-12-14 19:53:26] DEBUG [nLMzhuKCCr4] S: 250-ENHANCEDSTATUSCODES
[2025-12-14 19:53:26] DEBUG [nLMzhuKCCr4] S: 250-PIPELINING
[2025-12-14 19:53:26] DEBUG [nLMzhuKCCr4] S: 250-CHUNKING
[2025-12-14 19:53:26] DEBUG [nLMzhuKCCr4] S: 250 SMTPUTF8
[2025-12-14 19:53:26] DEBUG [nLMzhuKCCr4] SMTP handshake finished
[2025-12-14 19:53:26] DEBUG [nLMzhuKCCr4] C: AUTH PLAIN AGF5dXNobWlzaHJhbWF5MjJAZ21haWwuY29tAC8qIHNlY3JldCAqLw==
[2025-12-14 19:53:26] DEBUG [nLMzhuKCCr4] S: 235 2.7.0 Accepted
[2025-12-14 19:53:26] INFO  [nLMzhuKCCr4] User "manmeetkishoremaurya@gmail.com" authenticated
[2025-12-14 19:53:26] DEBUG [nLMzhuKCCr4] C: QUIT
  - Γ£à Connection verified successfully
[2025-12-14 19:53:26] DEBUG Sending mail using SMTP/7.0.5[client:7.0.5]
[2025-12-14 19:53:27] DEBUG [nLMzhuKCCr4] S: 221 2.0.0 closing connection d2e1a72fcca58-7f4c2967c66sm10567900b3a.28 - gsmtp
[2025-12-14 19:53:27] DEBUG [nLMzhuKCCr4] Closing connection to the server using "end"
[2025-12-14 19:53:27] DEBUG [xdoloERbWxA] Resolved smtp.gmail.com as 172.253.134.108 [cache hit]
[2025-12-14 19:53:27] INFO  [nLMzhuKCCr4] Connection closed
[2025-12-14 19:53:27] INFO  [xdoloERbWxA] Connection established to 172.253.134.108:587
[2025-12-14 19:53:27] DEBUG [xdoloERbWxA] S: 220 smtp.gmail.com ESMTP 98e67ed59e1d1-34abe216c54sm6888088a91.7 - gsmtp
[2025-12-14 19:53:27] DEBUG [xdoloERbWxA] C: EHLO [127.0.0.1]
[2025-12-14 19:53:27] DEBUG [xdoloERbWxA] S: 250-smtp.gmail.com at your service, [14.139.233.50]
[2025-12-14 19:53:27] DEBUG [xdoloERbWxA] S: 250-SIZE 35882577
[2025-12-14 19:53:27] DEBUG [xdoloERbWxA] S: 250-8BITMIME
[2025-12-14 19:53:27] DEBUG [xdoloERbWxA] S: 250-STARTTLS
[2025-12-14 19:53:27] DEBUG [xdoloERbWxA] S: 250-ENHANCEDSTATUSCODES
[2025-12-14 19:53:27] DEBUG [xdoloERbWxA] S: 250-PIPELINING
[2025-12-14 19:53:27] DEBUG [xdoloERbWxA] S: 250-CHUNKING
[2025-12-14 19:53:27] DEBUG [xdoloERbWxA] S: 250 SMTPUTF8
[2025-12-14 19:53:27] DEBUG [xdoloERbWxA] C: STARTTLS
[2025-12-14 19:53:28] DEBUG [xdoloERbWxA] S: 220 2.0.0 Ready to start TLS
[2025-12-14 19:53:28] INFO  [xdoloERbWxA] Connection upgraded with STARTTLS
[2025-12-14 19:53:28] DEBUG [xdoloERbWxA] C: EHLO [127.0.0.1]
[2025-12-14 19:53:28] DEBUG [xdoloERbWxA] S: 250-smtp.gmail.com at your service, [14.139.233.50]
[2025-12-14 19:53:28] DEBUG [xdoloERbWxA] S: 250-SIZE 35882577
[2025-12-14 19:53:28] DEBUG [xdoloERbWxA] S: 250-8BITMIME
[2025-12-14 19:53:28] DEBUG [xdoloERbWxA] S: 250-AUTH LOGIN PLAIN XOAUTH2 PLAIN-CLIENTTOKEN OAUTHBEARER XOAUTH
[2025-12-14 19:53:28] DEBUG [xdoloERbWxA] S: 250-ENHANCEDSTATUSCODES
[2025-12-14 19:53:28] DEBUG [xdoloERbWxA] S: 250-PIPELINING
[2025-12-14 19:53:28] DEBUG [xdoloERbWxA] S: 250-CHUNKING
[2025-12-14 19:53:28] DEBUG [xdoloERbWxA] S: 250 SMTPUTF8
[2025-12-14 19:53:28] DEBUG [xdoloERbWxA] SMTP handshake finished
[2025-12-14 19:53:28] DEBUG [xdoloERbWxA] C: AUTH PLAIN AGF5dXNobWlzaHJhbWF5MjJAZ21haWwuY29tAC8qIHNlY3JldCAqLw==
[2025-12-14 19:53:28] DEBUG [xdoloERbWxA] S: 235 2.7.0 Accepted
[2025-12-14 19:53:28] INFO  [xdoloERbWxA] User "manmeetkishoremaurya@gmail.com" authenticated
[2025-12-14 19:53:28] INFO  Sending message <2e54975f-fd88-3656-0836-111a505f4fb9@gmail.com> to <2022021213@mmmut.ac.in>
[2025-12-14 19:53:28] DEBUG [xdoloERbWxA] C: MAIL FROM:<manmeetkishoremaurya@gmail.com>
[2025-12-14 19:53:29] DEBUG [xdoloERbWxA] S: 250 2.1.0 OK 98e67ed59e1d1-34abe216c54sm6888088a91.7 - gsmtp
[2025-12-14 19:53:29] DEBUG [xdoloERbWxA] C: RCPT TO:<2022021213@mmmut.ac.in>
[2025-12-14 19:53:29] DEBUG [xdoloERbWxA] S: 250 2.1.5 OK 98e67ed59e1d1-34abe216c54sm6888088a91.7 - gsmtp
[2025-12-14 19:53:29] DEBUG [xdoloERbWxA] C: DATA
[2025-12-14 19:53:29] DEBUG [xdoloERbWxA] S: 354 Go ahead 98e67ed59e1d1-34abe216c54sm6888088a91.7 - gsmtp
[2025-12-14 19:53:29] DEBUG [xdoloERbWxA] From: EduPoint <manmeetkishoremaurya@gmail.com>
[2025-12-14 19:53:29] DEBUG [xdoloERbWxA] To: 2022021213@mmmut.ac.in
[2025-12-14 19:53:29] DEBUG [xdoloERbWxA] Subject: EduPoint - Verify Your Email
[2025-12-14 19:53:29] DEBUG [xdoloERbWxA] Message-ID: <2e54975f-fd88-3656-0836-111a505f4fb9@gmail.com>
[2025-12-14 19:53:29] DEBUG [xdoloERbWxA] Content-Transfer-Encoding: quoted-printable
[2025-12-14 19:53:29] DEBUG [xdoloERbWxA] Date: Sun, 14 Dec 2025 19:53:27 +0000
[2025-12-14 19:53:29] DEBUG [xdoloERbWxA] MIME-Version: 1.0
[2025-12-14 19:53:29] DEBUG [xdoloERbWxA] Content-Type: text/html; charset=utf-8
[2025-12-14 19:53:29] DEBUG [xdoloERbWxA] 
[2025-12-14 19:53:29] DEBUG [xdoloERbWxA] <!DOCTYPE html>
[2025-12-14 19:53:29] DEBUG [xdoloERbWxA] 	<html>
[2025-12-14 19:53:29] DEBUG [xdoloERbWxA] =09
[2025-12-14 19:53:29] DEBUG [xdoloERbWxA] 	<head>
[2025-12-14 19:53:29] DEBUG [xdoloERbWxA] 		<meta charset=3D"UTF-8">
[2025-12-14 19:53:29] DEBUG [xdoloERbWxA] 		<title>OTP Verification Email</title>
[2025-12-14 19:53:29] DEBUG [xdoloERbWxA] 		<style>
[2025-12-14 19:53:29] DEBUG [xdoloERbWxA] 			body {
[2025-12-14 19:53:29] DEBUG [xdoloERbWxA] 				background-color: #ffffff;
[2025-12-14 19:53:29] DEBUG [xdoloERbWxA] 				font-family: Arial, sans-serif;
[2025-12-14 19:53:29] DEBUG [xdoloERbWxA] 				font-size: 16px;
[2025-12-14 19:53:29] DEBUG [xdoloERbWxA] 				line-height: 1.4;
[2025-12-14 19:53:29] DEBUG [xdoloERbWxA] 				color: #333333;
[2025-12-14 19:53:29] DEBUG [xdoloERbWxA] 				margin: 0;
[2025-12-14 19:53:29] DEBUG [xdoloERbWxA] 				padding: 0;
[2025-12-14 19:53:29] DEBUG [xdoloERbWxA] 			}
[2025-12-14 19:53:29] DEBUG [xdoloERbWxA] =09
[2025-12-14 19:53:29] DEBUG [xdoloERbWxA] 			.container {
[2025-12-14 19:53:29] DEBUG [xdoloERbWxA] 				max-width: 600px;
[2025-12-14 19:53:29] DEBUG [xdoloERbWxA] 				margin: 0 auto;
[2025-12-14 19:53:29] DEBUG [xdoloERbWxA] 				padding: 20px;
[2025-12-14 19:53:29] DEBUG [xdoloERbWxA] 				text-align: center;
[2025-12-14 19:53:29] DEBUG [xdoloERbWxA] 			}
[2025-12-14 19:53:29] DEBUG [xdoloERbWxA] =09
[2025-12-14 19:53:29] DEBUG [xdoloERbWxA] 			.logo {
[2025-12-14 19:53:29] DEBUG [xdoloERbWxA] 				max-width: 200px;
[2025-12-14 19:53:29] DEBUG [xdoloERbWxA] 				margin-bottom: 20px;
[2025-12-14 19:53:29] DEBUG [xdoloERbWxA] 			}
[2025-12-14 19:53:29] DEBUG [xdoloERbWxA] =09
[2025-12-14 19:53:29] DEBUG [xdoloERbWxA] 			.message {
[2025-12-14 19:53:29] DEBUG [xdoloERbWxA] 				font-size: 18px;
[2025-12-14 19:53:29] DEBUG [xdoloERbWxA] 				font-weight: bold;
[2025-12-14 19:53:29] DEBUG [xdoloERbWxA] 				margin-bottom: 20px;
[2025-12-14 19:53:29] DEBUG [xdoloERbWxA] 			}
[2025-12-14 19:53:29] DEBUG [xdoloERbWxA] =09
[2025-12-14 19:53:29] DEBUG [xdoloERbWxA] 			.body {
[2025-12-14 19:53:29] DEBUG [xdoloERbWxA] 				font-size: 16px;
[2025-12-14 19:53:29] DEBUG [xdoloERbWxA] 				margin-bottom: 20px;
[2025-12-14 19:53:29] DEBUG [xdoloERbWxA] 			}
[2025-12-14 19:53:29] DEBUG [xdoloERbWxA] =09
[2025-12-14 19:53:29] DEBUG [xdoloERbWxA] 			.cta {
[2025-12-14 19:53:29] DEBUG [xdoloERbWxA] 				display: inline-block;
[2025-12-14 19:53:29] DEBUG [xdoloERbWxA] 				padding: 10px 20px;
[2025-12-14 19:53:29] DEBUG [xdoloERbWxA] 				background-color: =
[2025-12-14 19:53:29] DEBUG [xdoloERbWxA] #FFD60A;
[2025-12-14 19:53:29] DEBUG [xdoloERbWxA] 				color: #000000;
[2025-12-14 19:53:29] DEBUG [xdoloERbWxA] 				text-decoration: none;
[2025-12-14 19:53:29] DEBUG [xdoloERbWxA] 				border-radius: 5px;
[2025-12-14 19:53:29] DEBUG [xdoloERbWxA] 				font-size: 16px;
[2025-12-14 19:53:29] DEBUG [xdoloERbWxA] 				font-weight: bold;
[2025-12-14 19:53:29] DEBUG [xdoloERbWxA] 				margin-top: 20px;
[2025-12-14 19:53:29] DEBUG [xdoloERbWxA] 			}
[2025-12-14 19:53:29] DEBUG [xdoloERbWxA] =09
[2025-12-14 19:53:29] DEBUG [xdoloERbWxA] 			.support {
[2025-12-14 19:53:29] DEBUG [xdoloERbWxA] 				font-size: 14px;
[2025-12-14 19:53:29] DEBUG [xdoloERbWxA] 				color: #999999;
[2025-12-14 19:53:29] DEBUG [xdoloERbWxA] 				margin-top: 20px;
[2025-12-14 19:53:29] DEBUG [xdoloERbWxA] 			}
[2025-12-14 19:53:29] DEBUG [xdoloERbWxA] =09
[2025-12-14 19:53:29] DEBUG [xdoloERbWxA] 			.highlight {
[2025-12-14 19:53:29] DEBUG [xdoloERbWxA] 				font-weight: bold;
[2025-12-14 19:53:29] DEBUG [xdoloERbWxA] 			}
[2025-12-14 19:53:29] DEBUG [xdoloERbWxA] 		</style>
[2025-12-14 19:53:29] DEBUG [xdoloERbWxA] =09
[2025-12-14 19:53:29] DEBUG [xdoloERbWxA] 	</head>
[2025-12-14 19:53:29] DEBUG [xdoloERbWxA] =09
[2025-12-14 19:53:29] DEBUG [xdoloERbWxA] 	<body>
[2025-12-14 19:53:29] DEBUG [xdoloERbWxA] 		<div class=3D"container">
[2025-12-14 19:53:29] DEBUG [xdoloERbWxA] 			<a href=3D"https://https://edu-point-ten.vercel.app"><img class=3D"logo"
[2025-12-14 19:53:29] DEBUG [xdoloERbWxA] 					src=3D"https://res.cloudinary.=
[2025-12-14 19:53:29] DEBUG [xdoloERbWxA] com/dciv3db5z/image/upload/v1755509776/Screenshot_2025-08-18_142713_a13djx.=
[2025-12-14 19:53:29] DEBUG [xdoloERbWxA] png" alt=3D"EduPoint  Logo"></a>
[2025-12-14 19:53:29] DEBUG [xdoloERbWxA] 			<div class=3D"message">OTP =
[2025-12-14 19:53:29] DEBUG [xdoloERbWxA] Verification Email</div>
[2025-12-14 19:53:29] DEBUG [xdoloERbWxA] 			<div class=3D"body">
[2025-12-14 19:53:29] DEBUG [xdoloERbWxA] 				<p>Dear User,</p>
[2025-12-14 19:53:29] DEBUG [xdoloERbWxA] 				<p>Thank you for registering with EduPoint . To complete your =
[2025-12-14 19:53:29] DEBUG [xdoloERbWxA] registration, please use the following OTP
[2025-12-14 19:53:29] DEBUG [xdoloERbWxA] 					(One-Time Password) to =
[2025-12-14 19:53:29] DEBUG [xdoloERbWxA] verify your account:</p>
[2025-12-14 19:53:29] DEBUG [xdoloERbWxA] 				<h2 class=3D"highlight">222643</h2>
[2025-12-14 19:53:29] DEBUG [xdoloERbWxA] 				<p>This OTP is valid for 5 minutes. If you did not request this =
[2025-12-14 19:53:29] DEBUG [xdoloERbWxA] verification, please disregard this email.
[2025-12-14 19:53:29] DEBUG [xdoloERbWxA] 				Once your account is =
[2025-12-14 19:53:29] DEBUG [xdoloERbWxA] verified, you will have access to our platform and its features.</p>
[2025-12-14 19:53:29] DEBUG [xdoloERbWxA] 			</div>
[2025-12-14 19:53:29] DEBUG [xdoloERbWxA] 			<div class=3D"support">If you have any questions or need =
[2025-12-14 19:53:29] DEBUG [xdoloERbWxA] assistance, please feel free to reach out to us at <a
[2025-12-14 19:53:29] DEBUG [xdoloERbWxA] 					href=3D"mailto:info@EduPoint .com">info@EduPoint.com</a>. We =
[2025-12-14 19:53:29] DEBUG [xdoloERbWxA] are here to help!</div>
[2025-12-14 19:53:29] DEBUG [xdoloERbWxA] 		</div>
[2025-12-14 19:53:29] DEBUG [xdoloERbWxA] 	</body>
[2025-12-14 19:53:29] DEBUG [xdoloERbWxA] =09
[2025-12-14 19:53:29] DEBUG [xdoloERbWxA] 	</html>
[2025-12-14 19:53:29] DEBUG [xdoloERbWxA] .
[2025-12-14 19:53:29] INFO  [xdoloERbWxA] <2504 bytes encoded mime message (source size 2418 bytes)>
[2025-12-14 19:53:30] DEBUG [xdoloERbWxA] S: 250 2.0.0 OK  1765742006 98e67ed59e1d1-34abe216c54sm6888088a91.7 - gsmtp
[2025-12-14 19:53:30] DEBUG [xdoloERbWxA] Closing connection to the server using "end"
Γ£à Gmail: Email sent successfully!
   Message ID: <2e54975f-fd88-3656-0836-111a505f4fb9@gmail.com>
   To: 2022021213@mmmut.ac.in
ΓöÇΓöÇΓöÇΓöÇΓöÇΓöÇΓöÇΓöÇΓöÇΓöÇΓöÇΓöÇΓöÇΓöÇΓöÇΓöÇΓöÇΓöÇΓöÇΓöÇΓöÇΓöÇΓöÇΓöÇΓöÇΓöÇΓöÇΓöÇΓöÇΓöÇΓöÇΓöÇΓöÇΓöÇΓöÇΓöÇΓöÇΓöÇΓöÇΓöÇΓöÇΓöÇΓöÇΓöÇΓöÇΓöÇΓöÇΓöÇΓöÇΓöÇ


Γ£à EMAIL SENT SUCCESSFULLY!
   Message ID: <2e54975f-fd88-3656-0836-111a505f4fb9@gmail.com>
   Provider: gmail

============================================================

[2025-12-14 19:53:30] INFO  [xdoloERbWxA] Connection closed
